RAM Allocation [bytes]
Variable                                                                          Address   Size
------------------------------------------------------------------------------------------------
_base_y                                                                           0x0500       4

EEPROM Allocation [bytes]
Variable                                                                          Address   Size
------------------------------------------------------------------------------------------------

Register Allocation
Variable                                                                          Register  Size
------------------------------------------------------------------------------------------------
x                                                                                 R5           1
dem                                                                               R4           1
dem_1                                                                             R7           1
_lcd_x                                                                            R6           1
_lcd_y                                                                            R9           1
_lcd_maxx                                                                         R8           1

FLASH Allocation [words]
Function                                                                          Address   Size
------------------------------------------------------------------------------------------------
timer0_ovf_isr                                                                    0x0007F     27
main                                                                              0x0009A     38

FLASH Allocation [words]
Function                                                                          Address   Size
------------------------------------------------------------------------------------------------
timer0_ovf_isr                                                                    0x0007F     27
main                                                                              0x0009A     38
