RAM Allocation [bytes]
Variable                                                                          Address   Size
------------------------------------------------------------------------------------------------
glcd_state                                                                        0x0510      29
gfx_addr                                                                          0x052D       2
gfx_buffer                                                                        0x052F     504
_seed                                                                             0x0727       4

EEPROM Allocation [bytes]
Variable                                                                          Address   Size
------------------------------------------------------------------------------------------------

Register Allocation
Variable                                                                          Register  Size
------------------------------------------------------------------------------------------------

FLASH Allocation [words]
Function                                                                          Address   Size
------------------------------------------------------------------------------------------------
main                                                                              0x00182    146
pcd8544_delay_G100                                                                0x00214      1
pcd8544_wrbus_G100                                                                0x00215     45
pcd8544_wrcmd                                                                     0x00242      9
pcd8544_wrdata_G100                                                               0x0024B      9
pcd8544_setaddr_G100                                                              0x00254     23
pcd8544_gotoxy                                                                    0x0026B     13
pcd8544_rdbyte                                                                    0x00278      9
pcd8544_wrbyte                                                                    0x00281      7
glcd_init                                                                         0x00288    156
glcd_display                                                                      0x00324     11
glcd_clear                                                                        0x0032F     30
glcd_putpixel                                                                     0x0034D     35
glcd_getpixel                                                                     0x00370     28
pcd8544_wrmasked_G100                                                             0x0038C     57
glcd_block                                                                        0x003C5    481
glcd_clipx                                                                        0x005A6     21
glcd_clipy                                                                        0x005BB     19
glcd_setpixel                                                                     0x005CE     10
glcd_getcharw_G101                                                                0x005D8    111
glcd_new_line_G101                                                                0x00647     20
glcd_putchar                                                                      0x0065B     99
glcd_outtextxy                                                                    0x006BE     21
glcd_putpixelm_G101                                                               0x006D3     27
glcd_moveto                                                                       0x006EE     13
glcd_line                                                                         0x006FB    246
glcd_corners_G101                                                                 0x007F1     43
glcd_rectangle                                                                    0x0081C     48
glcd_plot8_G101                                                                   0x0084C    343
glcd_line2_G101                                                                   0x009A3     49
glcd_quadrant_G101                                                                0x009D4     93
glcd_circle                                                                       0x00A31     10
memset                                                                            0x00A3B     16
glcd_getmask                                                                      0x00A4B     11
glcd_mappixcolor1bit                                                              0x00A56     40
glcd_readmem                                                                      0x00A7E     31
glcd_writemem                                                                     0x00A9D     31

FLASH Allocation [words]
Function                                                                          Address   Size
------------------------------------------------------------------------------------------------
main                                                                              0x00182    146
pcd8544_delay_G100                                                                0x00214      1
pcd8544_wrbus_G100                                                                0x00215     45
pcd8544_wrcmd                                                                     0x00242      9
pcd8544_wrdata_G100                                                               0x0024B      9
pcd8544_setaddr_G100                                                              0x00254     23
pcd8544_gotoxy                                                                    0x0026B     13
pcd8544_rdbyte                                                                    0x00278      9
pcd8544_wrbyte                                                                    0x00281      7
glcd_init                                                                         0x00288    156
glcd_display                                                                      0x00324     11
glcd_clear                                                                        0x0032F     30
glcd_putpixel                                                                     0x0034D     35
glcd_getpixel                                                                     0x00370     28
pcd8544_wrmasked_G100                                                             0x0038C     57
glcd_block                                                                        0x003C5    481
glcd_clipx                                                                        0x005A6     21
glcd_clipy                                                                        0x005BB     19
glcd_setpixel                                                                     0x005CE     10
glcd_getcharw_G101                                                                0x005D8    111
glcd_new_line_G101                                                                0x00647     20
glcd_putchar                                                                      0x0065B     99
glcd_outtextxy                                                                    0x006BE     21
glcd_putpixelm_G101                                                               0x006D3     27
glcd_moveto                                                                       0x006EE     13
glcd_line                                                                         0x006FB    246
glcd_corners_G101                                                                 0x007F1     43
glcd_rectangle                                                                    0x0081C     48
glcd_plot8_G101                                                                   0x0084C    343
glcd_line2_G101                                                                   0x009A3     49
glcd_quadrant_G101                                                                0x009D4     93
glcd_circle                                                                       0x00A31     10
memset                                                                            0x00A3B     16
glcd_getmask                                                                      0x00A4B     11
glcd_mappixcolor1bit                                                              0x00A56     40
glcd_readmem                                                                      0x00A7E     31
glcd_writemem                                                                     0x00A9D     31

FLASH Allocation [words]
Function                                                                          Address   Size
------------------------------------------------------------------------------------------------
main                                                                              0x00182    146
pcd8544_delay_G100                                                                0x00214      1
pcd8544_wrbus_G100                                                                0x00215     45
pcd8544_wrcmd                                                                     0x00242      9
pcd8544_wrdata_G100                                                               0x0024B      9
pcd8544_setaddr_G100                                                              0x00254     23
pcd8544_gotoxy                                                                    0x0026B     13
pcd8544_rdbyte                                                                    0x00278      9
pcd8544_wrbyte                                                                    0x00281      7
glcd_init                                                                         0x00288    156
glcd_display                                                                      0x00324     11
glcd_clear                                                                        0x0032F     30
glcd_putpixel                                                                     0x0034D     35
glcd_getpixel                                                                     0x00370     28
pcd8544_wrmasked_G100                                                             0x0038C     57
glcd_block                                                                        0x003C5    481
glcd_clipx                                                                        0x005A6     21
glcd_clipy                                                                        0x005BB     19
glcd_setpixel                                                                     0x005CE     10
glcd_getcharw_G101                                                                0x005D8    111
glcd_new_line_G101                                                                0x00647     20
glcd_putchar                                                                      0x0065B     99
glcd_outtextxy                                                                    0x006BE     21
glcd_putpixelm_G101                                                               0x006D3     27
glcd_moveto                                                                       0x006EE     13
glcd_line                                                                         0x006FB    246
glcd_corners_G101                                                                 0x007F1     43
glcd_rectangle                                                                    0x0081C     48
glcd_plot8_G101                                                                   0x0084C    343
glcd_line2_G101                                                                   0x009A3     49
glcd_quadrant_G101                                                                0x009D4     93
glcd_circle                                                                       0x00A31     10
memset                                                                            0x00A3B     16
glcd_getmask                                                                      0x00A4B     11
glcd_mappixcolor1bit                                                              0x00A56     40
glcd_readmem                                                                      0x00A7E     31
glcd_writemem                                                                     0x00A9D     31

FLASH Allocation [words]
Function                                                                          Address   Size
------------------------------------------------------------------------------------------------
main                                                                              0x00182    146
pcd8544_delay_G100                                                                0x00214      1
pcd8544_wrbus_G100                                                                0x00215     45
pcd8544_wrcmd                                                                     0x00242      9
pcd8544_wrdata_G100                                                               0x0024B      9
pcd8544_setaddr_G100                                                              0x00254     23
pcd8544_gotoxy                                                                    0x0026B     13
pcd8544_rdbyte                                                                    0x00278      9
pcd8544_wrbyte                                                                    0x00281      7
glcd_init                                                                         0x00288    156
glcd_display                                                                      0x00324     11
glcd_clear                                                                        0x0032F     30
glcd_putpixel                                                                     0x0034D     35
glcd_getpixel                                                                     0x00370     28
pcd8544_wrmasked_G100                                                             0x0038C     57
glcd_block                                                                        0x003C5    481
glcd_clipx                                                                        0x005A6     21
glcd_clipy                                                                        0x005BB     19
glcd_setpixel                                                                     0x005CE     10
glcd_getcharw_G101                                                                0x005D8    111
glcd_new_line_G101                                                                0x00647     20
glcd_putchar                                                                      0x0065B     99
glcd_outtextxy                                                                    0x006BE     21
glcd_putpixelm_G101                                                               0x006D3     27
glcd_moveto                                                                       0x006EE     13
glcd_line                                                                         0x006FB    246
glcd_corners_G101                                                                 0x007F1     43
glcd_rectangle                                                                    0x0081C     48
glcd_plot8_G101                                                                   0x0084C    343
glcd_line2_G101                                                                   0x009A3     49
glcd_quadrant_G101                                                                0x009D4     93
glcd_circle                                                                       0x00A31     10
memset                                                                            0x00A3B     16
glcd_getmask                                                                      0x00A4B     11
glcd_mappixcolor1bit                                                              0x00A56     40
glcd_readmem                                                                      0x00A7E     31
glcd_writemem                                                                     0x00A9D     31

FLASH Allocation [words]
Function                                                                          Address   Size
------------------------------------------------------------------------------------------------
main                                                                              0x00182    146
pcd8544_delay_G100                                                                0x00214      1
pcd8544_wrbus_G100                                                                0x00215     45
pcd8544_wrcmd                                                                     0x00242      9
pcd8544_wrdata_G100                                                               0x0024B      9
pcd8544_setaddr_G100                                                              0x00254     23
pcd8544_gotoxy                                                                    0x0026B     13
pcd8544_rdbyte                                                                    0x00278      9
pcd8544_wrbyte                                                                    0x00281      7
glcd_init                                                                         0x00288    156
glcd_display                                                                      0x00324     11
glcd_clear                                                                        0x0032F     30
glcd_putpixel                                                                     0x0034D     35
glcd_getpixel                                                                     0x00370     28
pcd8544_wrmasked_G100                                                             0x0038C     57
glcd_block                                                                        0x003C5    481
glcd_clipx                                                                        0x005A6     21
glcd_clipy                                                                        0x005BB     19
glcd_setpixel                                                                     0x005CE     10
glcd_getcharw_G101                                                                0x005D8    111
glcd_new_line_G101                                                                0x00647     20
glcd_putchar                                                                      0x0065B     99
glcd_outtextxy                                                                    0x006BE     21
glcd_putpixelm_G101                                                               0x006D3     27
glcd_moveto                                                                       0x006EE     13
glcd_line                                                                         0x006FB    246
glcd_corners_G101                                                                 0x007F1     43
glcd_rectangle                                                                    0x0081C     48
glcd_plot8_G101                                                                   0x0084C    343
glcd_line2_G101                                                                   0x009A3     49
glcd_quadrant_G101                                                                0x009D4     93
glcd_circle                                                                       0x00A31     10
memset                                                                            0x00A3B     16
glcd_getmask                                                                      0x00A4B     11
glcd_mappixcolor1bit                                                              0x00A56     40
glcd_readmem                                                                      0x00A7E     31
glcd_writemem                                                                     0x00A9D     31
